// Jest Snapshot v1, https://goo.gl/fbAQLP

exports[`CardContainer should match the snapshot 1`] = `"<div><section><article><h2>COLORADO</h2><ul><li>2004: 0.24</li><li>2005: 0.278</li><li>2006: 0.337</li><li>2007: 0.395</li><li>2008: 0.536</li><li>2009: 0.598</li><li>2010: 0.64</li><li>2011: 0.672</li><li>2012: 0.695</li><li>2013: 0.703</li><li>2014: 0.741</li></ul></article></section></div>"`;
