// Jest Snapshot v1, https://goo.gl/fbAQLP

exports[`Card should match the snapshot 1`] = `"<article class=\\"Card\\"><h2 class=\\"Card__header\\"> COLORADO</h2><ul class=\\"Card__stats\\"><li class=\\"red\\">2004: 0.24</li><li class=\\"red\\">2005: 0.278</li><li class=\\"red\\">2006: 0.337</li><li class=\\"red\\">2007: 0.395</li><li class=\\"green\\">2008: 0.536</li><li class=\\"green\\">2009: 0.598</li><li class=\\"green\\">2010: 0.64</li><li class=\\"green\\">2011: 0.672</li><li class=\\"green\\">2012: 0.695</li><li class=\\"green\\">2013: 0.703</li><li class=\\"green\\">2014: 0.741</li></ul></article>"`;
