// Jest Snapshot v1, https://goo.gl/fbAQLP

exports[`LocationList should match the snapshot 1`] = `"<div><aside><button name=\\"Colorado\\" class=\\"location-btn\\">Colorado</button></aside></div>"`;
